// Jest Snapshot v1, https://goo.gl/fbAQLP

exports[`expect to render Card compnent 1`] = `ShallowWrapper {}`;
